test-zir-api
+- run test 7/8 passed, 1 failed
error: 'zir_api.test.zir_api: injected executable update succeeds' failed: macho.createEmpty const default entry len=5 name=_main
macho.createEmpty local entry len=12297829382473034410 name=macho.createEmpty entry init len=12297829382473034410 name=zir_api: bin_file=42358378280, zcu=42358374528
macho.flush entry preparse len=12297829382473034410 name=yaml.load bytes=337542 docs=40 tokens=41350
internal.initSymbols nsyms=6
internal.initSymbols symbols ok
internal.initSymbols extras ok
internal.initSymbols symtab ok
internal.initSymbols globals ok
internal.initSymbols before dyld_stub_binder
internal.initSymbols before objc_msgSend
internal.initSymbols before entry len=12297829382473034410 name=zir_api: update failed: OutOfMemory
zir_api: error count from update catch: 0
zir_api: no error messages in bundle despite error count
expected 0, found -1
/Users/bcardarella/projects/zig/lib/std/testing.zig:110:17: 0x106ecb95b in expectEqualInner__anon_1429830 (test)
                return error.TestExpectedEqual;
                ^
/Users/bcardarella/projects/zig/src/zir_api.zig:1592:5: 0x106ecccab in test.zir_api: injected executable update succeeds (test)
    try std.testing.expectEqual(@as(i32, 0), zir_compilation_update(ctx));
    ^
error: while executing test 'Package.Fetch.test_0', the following test command failed:
./.zig-cache/o/7c893e8eb0e02d5eca6ba4c4dd5235a2/test --cache-dir=./.zig-cache --seed=0x8415e454 --listen=-

Build Summary: 2/4 steps succeeded; 1 failed; 7/8 tests passed; 1 failed
test-zir-api transitive failure
+- run test 7/8 passed, 1 failed

error: the following build command failed with exit code 1:
.zig-cache/o/d8e6f31947269e3c6812bb8b20c37819/build /Users/bcardarella/.asdf/installs/zig/0.15.2/zig /Users/bcardarella/.asdf/installs/zig/0.15.2/lib /Users/bcardarella/projects/zig .zig-cache /Users/bcardarella/.cache/zig --seed 0x8415e454 -Z5350413216d7a80e test-zir-api -Dtest-filter=zir_api: injected executable update succeeds
