test-zir-api
+- run test 7/8 passed, 1 failed
error: 'zir_api.test.zir_api: injected executable update succeeds' failed: zir_api: bin_file=34477413200, zcu=34477408384
yaml.load bytes=337542 docs=40 tokens=41350
internal.initSymbols nsyms=6
internal.initSymbols symbols ok
internal.initSymbols extras ok
internal.initSymbols symtab ok
internal.initSymbols globals ok
internal.initSymbols before dyld_stub_binder
internal.initSymbols before objc_msgSend
internal.initSymbols before entry len=12297829382473034410 name=zir_api: update failed: OutOfMemory
zir_api: error count from update catch: 0
zir_api: no error messages in bundle despite error count
expected 0, found -1
/Users/bcardarella/projects/zig/lib/std/testing.zig:110:17: 0x1067e2de7 in expectEqualInner__anon_1429530 (test)
                return error.TestExpectedEqual;
                ^
/Users/bcardarella/projects/zig/src/zir_api.zig:1592:5: 0x1067e4137 in test.zir_api: injected executable update succeeds (test)
    try std.testing.expectEqual(@as(i32, 0), zir_compilation_update(ctx));
    ^
error: while executing test 'Package.Fetch.test_0', the following test command failed:
./.zig-cache/o/1922646539c0293c429243995862db60/test --cache-dir=./.zig-cache --seed=0xcce77cc6 --listen=-

Build Summary: 2/4 steps succeeded; 1 failed; 7/8 tests passed; 1 failed
test-zir-api transitive failure
+- run test 7/8 passed, 1 failed

error: the following build command failed with exit code 1:
.zig-cache/o/d8e6f31947269e3c6812bb8b20c37819/build /Users/bcardarella/.asdf/installs/zig/0.15.2/zig /Users/bcardarella/.asdf/installs/zig/0.15.2/lib /Users/bcardarella/projects/zig .zig-cache /Users/bcardarella/.cache/zig --seed 0xcce77cc6 -Z45b0de2fd620f5cd test-zir-api -Dtest-filter=zir_api: injected executable update succeeds
