test-zir-api
+- run test failure
zir_api: bin_file=32996791120, zcu=32996786304
trie export before text seg name=___dso_handle addr=0x0 text_vmaddr=0x100000000
thread 75428794 panic: integer overflow
???:?:?: 0x100a2fa53 in _link.MachO.dyld_info.Trie.updateSize (???)
???:?:?: 0x1007ca113 in _link.MachO.updateLinkeditSizeWorker (???)
???:?:?: 0x1007c9367 in _link.MachO.writeSectionsAndUpdateLinkeditSizes (???)
???:?:?: 0x1006133af in _link.MachO.flush (???)
???:?:?: 0x10053d7cf in _link.File.flush (???)
???:?:?: 0x10050e5eb in _Compilation.flush (???)
???:?:?: 0x1004f1333 in _Compilation.update (???)
???:?:?: 0x1004ee583 in _zir_compilation_update (???)
???:?:?: 0x10246bf9b in _zir_api.test.zir_api: injected executable update succeeds (???)
???:?:?: 0x102481d73 in _test_runner.mainServer (???)
???:?:?: 0x10247f503 in _test_runner.main (???)
???:?:?: 0x10247ef2f in _main (???)
???:?:?: 0x19a245d53 in ??? (???)
???:?:?: 0x0 in ??? (???)
error: while executing test 'zir_api.test.zir_api: injected executable update succeeds', the following command terminated with signal 6 (expected exited with code 0):
./.zig-cache/o/bb076e3cdf81407e4d570fc76e0d0084/test --cache-dir=./.zig-cache --seed=0xc38aaf72 --listen=-

Build Summary: 2/4 steps succeeded; 1 failed; 8/8 tests passed
test-zir-api transitive failure
+- run test failure

error: the following build command failed with exit code 1:
.zig-cache/o/d8e6f31947269e3c6812bb8b20c37819/build /Users/bcardarella/.asdf/installs/zig/0.15.2/zig /Users/bcardarella/.asdf/installs/zig/0.15.2/lib /Users/bcardarella/projects/zig .zig-cache /Users/bcardarella/.cache/zig --seed 0xc38aaf72 -Z16c6b1c2e5e121f5 test-zir-api -Dtest-filter=zir_api: injected executable update succeeds
